
--- supervisor spawn 2026-07-03T12:34:24.043Z parent=23632 ---

--- watcher spawn 2026-07-03T12:34:24.321Z supervisor=45808 reason=initial ---
[plugkit-wasm] plugkit v0.1.732 (wasm)
[plugkit-wasm] watching C:\dev\assets\.gm\exec-spool\in
[plugkit-wasm] spool watcher running
(node:3208) [DEP0190] DeprecationWarning: Passing args to a child process with shell option true can lead to security vulnerabilities, as the arguments are not escaped, only concatenated.
(Use `node --trace-deprecation ...` to show where the warning was created)
[dispatch] -> verb=instruction task=1 body=44b
[plugkit-wasm] evt: {"event":"embed.wasm-loading","reason":"host_vec_embed probe failed; loading wasm-side bert model","ts":1783082070237}
[plugkit-wasm] evt: {"embed_dim":384,"event":"embed.model-loaded","model":"BAAI/bge-small-en-v1.5","num_hidden_layers":12,"safetensors_bytes":133466304,"tokenizer_bytes":711396,"ts":1783082070702}
[plugkit-wasm:warn] embed::init_ctx OK (host_delegated=false)
[plugkit-wasm] evt: {"event":"embed_init_ok","host_delegated":false,"safetensors_bytes":133466304,"tokenizer_bytes":711396,"ts":1783082070706}
[plugkit-wasm] evt: {"event":"recall","hit":false,"mode":"auto_recall","n_hits":0,"namespace":"default","query":"consolidate remove all branches","sub":"rs_learn","ts":1783082071151}
[plugkit-wasm] evt: {"event":"recall","hit":false,"mode":"auto_recall","n_hits":0,"namespace":"default","query":"branches consolidate remove","sub":"rs_learn","ts":1783082071251}
[plugkit-wasm:warn] instruction::handle start body_len=44
[plugkit-wasm:warn] instruction::handle pre-recall query_len=31 prd_pending=0
[plugkit-wasm:warn] recall::recall_hits start query_len=31 embed_len=31 limit=5
[plugkit-wasm] evt: {"event":"embed.query_cache_hit","query_len":31,"ts":1783082072684}
[plugkit-wasm:warn] recall::recall_hits embed_done embedded=true
[plugkit-wasm:warn] recall::recall_hits vec_search returned
[plugkit-wasm:warn] recall::recall_hits kv_query returned
[plugkit-wasm] evt: {"event":"recall","hit":false,"mode":"kv_query","n_hits":0,"namespace":"default","query":"consolidate remove all branches","sub":"rs_learn","ts":1783082072686}
[plugkit-wasm:warn] instruction::handle post-recall
[plugkit-wasm:warn] instruction::handle done out_len=5820
[dispatch] <- verb=instruction task=1 ms=4582 out=6060b
[dispatch] -> verb=recall task=1 body=61b
[dispatch] <- verb=recall task=1 ms=102 out=194b
[dispatch] -> verb=codesearch task=1 body=47b
[plugkit-wasm] evt: {"event":"codeinsight_rebuild","reason":"digest-absent","stored_then_current":"98dfb0720639c746d65443e3699805be26e3cec6:3920666659","ts":1783082083969}
[plugkit-wasm:warn] code_index: indexing root=. files=500 libsql_ok=true manifests=0
[plugkit-wasm:warn] code_index: done files_indexed=21 chunks=33 embedded=33 reused=0 reused_files=0 removed_files=0 skipped_no_embed=0 digest=98dfb0720639c746d65443e3699805be26e3cec6:3920666659
[dispatch] <- verb=codesearch task=1 ms=15377 out=76b
[dispatch] -> verb=prd-add task=1 body=286b
[dispatch] <- verb=prd-add task=1 ms=4992 out=77b
[dispatch] -> verb=prd-add task=2 body=140b
[dispatch] <- verb=prd-add task=2 ms=2687 out=72b
[dispatch] -> verb=prd-add task=3 body=168b
[dispatch] <- verb=prd-add task=3 ms=4437 out=73b
[dispatch] -> verb=prd-add task=4 body=372b
[dispatch] <- verb=prd-add task=4 ms=2156 out=76b
[dispatch] -> verb=prd-add task=5 body=215b
[dispatch] <- verb=prd-add task=5 ms=2596 out=73b
[dispatch] -> verb=prd-add task=6 body=213b
[dispatch] <- verb=prd-add task=6 ms=4644 out=78b
[dispatch] -> verb=prd-add task=7 body=196b
[dispatch] <- verb=prd-add task=7 ms=3674 out=74b
[dispatch] -> verb=prd-add task=8 body=210b
[dispatch] <- verb=prd-add task=8 ms=3672 out=71b
[dispatch] -> verb=transition task=1 body=16b
[plugkit-wasm:warn] recall::recall_hits start query_len=7 embed_len=7 limit=3
[plugkit-wasm:warn] recall::recall_hits embed_done embedded=true
[plugkit-wasm:warn] recall::recall_hits vec_search returned
[plugkit-wasm:warn] recall::recall_hits kv_query returned
[plugkit-wasm] evt: {"event":"recall","hit":false,"mode":"kv_query","n_hits":0,"namespace":"default","query":"EXECUTE","sub":"rs_learn","ts":1783082347896}
[dispatch] <- verb=transition task=1 ms=6911 out=97b
[dispatch] -> verb=prd-resolve task=1 body=228b
[dispatch] <- verb=prd-resolve task=1 ms=597 out=84b
[dispatch] -> verb=prd-resolve task=2 body=132b
[dispatch] <- verb=prd-resolve task=2 ms=625 out=79b
[dispatch] -> verb=prd-resolve task=3 body=124b
[dispatch] <- verb=prd-resolve task=3 ms=470 out=80b
[dispatch] -> verb=prd-resolve task=4 body=284b
[dispatch] <- verb=prd-resolve task=4 ms=447 out=83b
[dispatch] -> verb=prd-resolve task=5 body=135b
[dispatch] <- verb=prd-resolve task=5 ms=377 out=80b
[dispatch] -> verb=prd-resolve task=6 body=141b
[dispatch] <- verb=prd-resolve task=6 ms=407 out=85b
[dispatch] -> verb=prd-resolve task=7 body=190b
[dispatch] <- verb=prd-resolve task=7 ms=406 out=81b
[dispatch] -> verb=prd-resolve task=8 body=208b
[dispatch] <- verb=prd-resolve task=8 ms=415 out=78b
[dispatch] -> verb=git_add task=1 body=42b
[dispatch] <- verb=git_add task=1 ms=1642 out=114b
[dispatch] -> verb=git_finalize task=1 body=288b
